[2022-05-14T15:44:44.553+0100][gc,init] CardTable entry size: 512
[2022-05-14T15:44:44.553+0100][gc     ] Using G1
[2022-05-14T15:44:44.557+0100][gc,init] Version: 18.0.1+10 (release)
[2022-05-14T15:44:44.557+0100][gc,init] CPUs: 12 total, 12 available
[2022-05-14T15:44:44.557+0100][gc,init] Memory: 7864M
[2022-05-14T15:44:44.557+0100][gc,init] Large Page Support: Disabled
[2022-05-14T15:44:44.557+0100][gc,init] NUMA Support: Disabled
[2022-05-14T15:44:44.557+0100][gc,init] Compressed Oops: Enabled (32-bit)
[2022-05-14T15:44:44.557+0100][gc,init] Heap Region Size: 1M
[2022-05-14T15:44:44.557+0100][gc,init] Heap Min Capacity: 1G
[2022-05-14T15:44:44.557+0100][gc,init] Heap Initial Capacity: 1G
[2022-05-14T15:44:44.557+0100][gc,init] Heap Max Capacity: 1G
[2022-05-14T15:44:44.557+0100][gc,init] Pre-touch: Disabled
[2022-05-14T15:44:44.557+0100][gc,init] Parallel Workers: 10
[2022-05-14T15:44:44.557+0100][gc,init] Concurrent Workers: 3
[2022-05-14T15:44:44.557+0100][gc,init] Concurrent Refinement Workers: 10
[2022-05-14T15:44:44.557+0100][gc,init] Periodic GC: Disabled
[2022-05-14T15:44:44.557+0100][gc,metaspace] CDS archive(s) not mapped
[2022-05-14T15:44:44.557+0100][gc,metaspace] Compressed class space mapped at: 0x0000000100000000-0x0000000140000000, reserved size: 1073741824
[2022-05-14T15:44:44.557+0100][gc,metaspace] Narrow klass base: 0x0000000000000000, Narrow klass shift: 3, Narrow klass range: 0x140000000
[2022-05-14T15:44:45.063+0100][gc,start    ] GC(0) Pause Young (Concurrent Start) (Metadata GC Threshold)
[2022-05-14T15:44:45.064+0100][gc,task     ] GC(0) Using 10 workers of 10 for evacuation
[2022-05-14T15:44:45.067+0100][gc,phases   ] GC(0)   Pre Evacuate Collection Set: 0.2ms
[2022-05-14T15:44:45.067+0100][gc,phases   ] GC(0)   Merge Heap Roots: 0.1ms
[2022-05-14T15:44:45.067+0100][gc,phases   ] GC(0)   Evacuate Collection Set: 2.8ms
[2022-05-14T15:44:45.067+0100][gc,phases   ] GC(0)   Post Evacuate Collection Set: 0.5ms
[2022-05-14T15:44:45.067+0100][gc,phases   ] GC(0)   Other: 1.0ms
[2022-05-14T15:44:45.067+0100][gc,heap     ] GC(0) Eden regions: 33->0(44)
[2022-05-14T15:44:45.067+0100][gc,heap     ] GC(0) Survivor regions: 0->7(7)
[2022-05-14T15:44:45.067+0100][gc,heap     ] GC(0) Old regions: 0->0
[2022-05-14T15:44:45.067+0100][gc,heap     ] GC(0) Archive regions: 0->0
[2022-05-14T15:44:45.067+0100][gc,heap     ] GC(0) Humongous regions: 0->0
[2022-05-14T15:44:45.067+0100][gc,metaspace] GC(0) Metaspace: 21348K(21504K)->21348K(21504K) NonClass: 19101K(19200K)->19101K(19200K) Class: 2246K(2304K)->2246K(2304K)
[2022-05-14T15:44:45.067+0100][gc          ] GC(0) Pause Young (Concurrent Start) (Metadata GC Threshold) 33M->6M(1024M) 4.661ms
[2022-05-14T15:44:45.067+0100][gc,cpu      ] GC(0) User=0.01s Sys=0.02s Real=0.01s
[2022-05-14T15:44:45.068+0100][gc          ] GC(1) Concurrent Mark Cycle
[2022-05-14T15:44:45.068+0100][gc,marking  ] GC(1) Concurrent Clear Claimed Marks
[2022-05-14T15:44:45.068+0100][gc,marking  ] GC(1) Concurrent Clear Claimed Marks 0.013ms
[2022-05-14T15:44:45.068+0100][gc,marking  ] GC(1) Concurrent Scan Root Regions
[2022-05-14T15:44:45.069+0100][gc,marking  ] GC(1) Concurrent Scan Root Regions 1.093ms
[2022-05-14T15:44:45.069+0100][gc,marking  ] GC(1) Concurrent Mark
[2022-05-14T15:44:45.069+0100][gc,marking  ] GC(1) Concurrent Mark From Roots
[2022-05-14T15:44:45.069+0100][gc,task     ] GC(1) Using 3 workers of 3 for marking
[2022-05-14T15:44:45.069+0100][gc,marking  ] GC(1) Concurrent Mark From Roots 0.169ms
[2022-05-14T15:44:45.069+0100][gc,marking  ] GC(1) Concurrent Preclean
[2022-05-14T15:44:45.069+0100][gc,marking  ] GC(1) Concurrent Preclean 0.019ms
[2022-05-14T15:44:45.069+0100][gc,start    ] GC(1) Pause Remark
[2022-05-14T15:44:45.070+0100][gc          ] GC(1) Pause Remark 7M->7M(1024M) 0.900ms
[2022-05-14T15:44:45.070+0100][gc,cpu      ] GC(1) User=0.01s Sys=0.00s Real=0.00s
[2022-05-14T15:44:45.070+0100][gc,marking  ] GC(1) Concurrent Mark 1.284ms
[2022-05-14T15:44:45.070+0100][gc,marking  ] GC(1) Concurrent Rebuild Remembered Sets
[2022-05-14T15:44:45.070+0100][gc,marking  ] GC(1) Concurrent Rebuild Remembered Sets 0.008ms
[2022-05-14T15:44:45.070+0100][gc,start    ] GC(1) Pause Cleanup
[2022-05-14T15:44:45.070+0100][gc          ] GC(1) Pause Cleanup 7M->7M(1024M) 0.019ms
[2022-05-14T15:44:45.070+0100][gc,cpu      ] GC(1) User=0.00s Sys=0.00s Real=0.00s
[2022-05-14T15:44:45.070+0100][gc,marking  ] GC(1) Concurrent Cleanup for Next Mark
[2022-05-14T15:44:45.073+0100][gc,marking  ] GC(1) Concurrent Cleanup for Next Mark 3.171ms
[2022-05-14T15:44:45.073+0100][gc          ] GC(1) Concurrent Mark Cycle 5.757ms
[2022-05-14T15:44:53.567+0100][gc,heap,exit] Heap
[2022-05-14T15:44:53.567+0100][gc,heap,exit]  garbage-first heap   total 1048576K, used 14588K [0x00000000c0000000, 0x0000000100000000)
[2022-05-14T15:44:53.567+0100][gc,heap,exit]   region size 1024K, 15 young (15360K), 7 survivors (7168K)
[2022-05-14T15:44:53.567+0100][gc,heap,exit]  Metaspace       used 22962K, committed 23168K, reserved 1114112K
[2022-05-14T15:44:53.567+0100][gc,heap,exit]   class space    used 2475K, committed 2560K, reserved 1048576K
