[2022-05-14T15:10:07.647+0100][gc,init] CardTable entry size: 512
[2022-05-14T15:10:07.647+0100][gc     ] Using G1
[2022-05-14T15:10:07.650+0100][gc,init] Version: 18.0.1+10 (release)
[2022-05-14T15:10:07.650+0100][gc,init] CPUs: 12 total, 12 available
[2022-05-14T15:10:07.650+0100][gc,init] Memory: 7864M
[2022-05-14T15:10:07.650+0100][gc,init] Large Page Support: Disabled
[2022-05-14T15:10:07.650+0100][gc,init] NUMA Support: Disabled
[2022-05-14T15:10:07.650+0100][gc,init] Compressed Oops: Enabled (32-bit)
[2022-05-14T15:10:07.650+0100][gc,init] Heap Region Size: 1M
[2022-05-14T15:10:07.650+0100][gc,init] Heap Min Capacity: 1G
[2022-05-14T15:10:07.650+0100][gc,init] Heap Initial Capacity: 1G
[2022-05-14T15:10:07.650+0100][gc,init] Heap Max Capacity: 1G
[2022-05-14T15:10:07.650+0100][gc,init] Pre-touch: Disabled
[2022-05-14T15:10:07.650+0100][gc,init] Parallel Workers: 10
[2022-05-14T15:10:07.650+0100][gc,init] Concurrent Workers: 3
[2022-05-14T15:10:07.650+0100][gc,init] Concurrent Refinement Workers: 10
[2022-05-14T15:10:07.650+0100][gc,init] Periodic GC: Disabled
[2022-05-14T15:10:07.650+0100][gc,metaspace] CDS archive(s) not mapped
[2022-05-14T15:10:07.650+0100][gc,metaspace] Compressed class space mapped at: 0x0000000100000000-0x0000000140000000, reserved size: 1073741824
[2022-05-14T15:10:07.650+0100][gc,metaspace] Narrow klass base: 0x0000000000000000, Narrow klass shift: 3, Narrow klass range: 0x140000000
[2022-05-14T15:10:08.138+0100][gc,start    ] GC(0) Pause Young (Concurrent Start) (Metadata GC Threshold)
[2022-05-14T15:10:08.139+0100][gc,task     ] GC(0) Using 10 workers of 10 for evacuation
[2022-05-14T15:10:08.143+0100][gc,phases   ] GC(0)   Pre Evacuate Collection Set: 0.1ms
[2022-05-14T15:10:08.143+0100][gc,phases   ] GC(0)   Merge Heap Roots: 0.1ms
[2022-05-14T15:10:08.143+0100][gc,phases   ] GC(0)   Evacuate Collection Set: 2.7ms
[2022-05-14T15:10:08.143+0100][gc,phases   ] GC(0)   Post Evacuate Collection Set: 0.5ms
[2022-05-14T15:10:08.143+0100][gc,phases   ] GC(0)   Other: 0.9ms
[2022-05-14T15:10:08.143+0100][gc,heap     ] GC(0) Eden regions: 33->0(44)
[2022-05-14T15:10:08.143+0100][gc,heap     ] GC(0) Survivor regions: 0->7(7)
[2022-05-14T15:10:08.143+0100][gc,heap     ] GC(0) Old regions: 0->1
[2022-05-14T15:10:08.143+0100][gc,heap     ] GC(0) Archive regions: 0->0
[2022-05-14T15:10:08.143+0100][gc,heap     ] GC(0) Humongous regions: 0->0
[2022-05-14T15:10:08.143+0100][gc,metaspace] GC(0) Metaspace: 21348K(21504K)->21348K(21504K) NonClass: 19103K(19200K)->19103K(19200K) Class: 2245K(2304K)->2245K(2304K)
[2022-05-14T15:10:08.143+0100][gc          ] GC(0) Pause Young (Concurrent Start) (Metadata GC Threshold) 33M->7M(1024M) 4.582ms
[2022-05-14T15:10:08.143+0100][gc,cpu      ] GC(0) User=0.02s Sys=0.00s Real=0.00s
[2022-05-14T15:10:08.143+0100][gc          ] GC(1) Concurrent Mark Cycle
[2022-05-14T15:10:08.143+0100][gc,marking  ] GC(1) Concurrent Clear Claimed Marks
[2022-05-14T15:10:08.143+0100][gc,marking  ] GC(1) Concurrent Clear Claimed Marks 0.011ms
[2022-05-14T15:10:08.143+0100][gc,marking  ] GC(1) Concurrent Scan Root Regions
[2022-05-14T15:10:08.144+0100][gc,marking  ] GC(1) Concurrent Scan Root Regions 0.972ms
[2022-05-14T15:10:08.144+0100][gc,marking  ] GC(1) Concurrent Mark
[2022-05-14T15:10:08.144+0100][gc,marking  ] GC(1) Concurrent Mark From Roots
[2022-05-14T15:10:08.144+0100][gc,task     ] GC(1) Using 3 workers of 3 for marking
[2022-05-14T15:10:08.144+0100][gc,marking  ] GC(1) Concurrent Mark From Roots 0.167ms
[2022-05-14T15:10:08.144+0100][gc,marking  ] GC(1) Concurrent Preclean
[2022-05-14T15:10:08.144+0100][gc,marking  ] GC(1) Concurrent Preclean 0.017ms
[2022-05-14T15:10:08.144+0100][gc,start    ] GC(1) Pause Remark
[2022-05-14T15:10:08.145+0100][gc          ] GC(1) Pause Remark 7M->7M(1024M) 0.865ms
[2022-05-14T15:10:08.145+0100][gc,cpu      ] GC(1) User=0.00s Sys=0.00s Real=0.00s
[2022-05-14T15:10:08.145+0100][gc,marking  ] GC(1) Concurrent Mark 1.142ms
[2022-05-14T15:10:08.145+0100][gc,marking  ] GC(1) Concurrent Rebuild Remembered Sets
[2022-05-14T15:10:08.145+0100][gc,marking  ] GC(1) Concurrent Rebuild Remembered Sets 0.042ms
[2022-05-14T15:10:08.145+0100][gc,start    ] GC(1) Pause Cleanup
[2022-05-14T15:10:08.145+0100][gc          ] GC(1) Pause Cleanup 7M->7M(1024M) 0.065ms
[2022-05-14T15:10:08.145+0100][gc,cpu      ] GC(1) User=0.00s Sys=0.00s Real=0.00s
[2022-05-14T15:10:08.145+0100][gc,marking  ] GC(1) Concurrent Cleanup for Next Mark
[2022-05-14T15:10:08.149+0100][gc,marking  ] GC(1) Concurrent Cleanup for Next Mark 3.648ms
[2022-05-14T15:10:08.149+0100][gc          ] GC(1) Concurrent Mark Cycle 6.020ms
[2022-05-14T15:10:08.574+0100][gc,start    ] GC(2) Pause Young (Normal) (G1 Evacuation Pause)
[2022-05-14T15:10:08.574+0100][gc,task     ] GC(2) Using 10 workers of 10 for evacuation
[2022-05-14T15:10:08.579+0100][gc,phases   ] GC(2)   Pre Evacuate Collection Set: 0.1ms
[2022-05-14T15:10:08.579+0100][gc,phases   ] GC(2)   Merge Heap Roots: 0.1ms
[2022-05-14T15:10:08.579+0100][gc,phases   ] GC(2)   Evacuate Collection Set: 4.0ms
[2022-05-14T15:10:08.579+0100][gc,phases   ] GC(2)   Post Evacuate Collection Set: 0.6ms
[2022-05-14T15:10:08.579+0100][gc,phases   ] GC(2)   Other: 0.1ms
[2022-05-14T15:10:08.579+0100][gc,heap     ] GC(2) Eden regions: 44->0(48)
[2022-05-14T15:10:08.579+0100][gc,heap     ] GC(2) Survivor regions: 7->3(7)
[2022-05-14T15:10:08.579+0100][gc,heap     ] GC(2) Old regions: 1->7
[2022-05-14T15:10:08.579+0100][gc,heap     ] GC(2) Archive regions: 0->0
[2022-05-14T15:10:08.579+0100][gc,heap     ] GC(2) Humongous regions: 129->129
[2022-05-14T15:10:08.579+0100][gc,metaspace] GC(2) Metaspace: 33941K(34240K)->33941K(34240K) NonClass: 30390K(30528K)->30390K(30528K) Class: 3551K(3712K)->3551K(3712K)
[2022-05-14T15:10:08.579+0100][gc          ] GC(2) Pause Young (Normal) (G1 Evacuation Pause) 180M->138M(1024M) 5.012ms
[2022-05-14T15:10:08.579+0100][gc,cpu      ] GC(2) User=0.03s Sys=0.01s Real=0.01s
[2022-05-14T15:10:08.701+0100][gc,start    ] GC(3) Pause Young (Concurrent Start) (Metadata GC Threshold)
[2022-05-14T15:10:08.701+0100][gc,task     ] GC(3) Using 10 workers of 10 for evacuation
[2022-05-14T15:10:08.704+0100][gc,phases   ] GC(3)   Pre Evacuate Collection Set: 0.2ms
[2022-05-14T15:10:08.704+0100][gc,phases   ] GC(3)   Merge Heap Roots: 0.1ms
[2022-05-14T15:10:08.704+0100][gc,phases   ] GC(3)   Evacuate Collection Set: 1.8ms
[2022-05-14T15:10:08.704+0100][gc,phases   ] GC(3)   Post Evacuate Collection Set: 0.5ms
[2022-05-14T15:10:08.704+0100][gc,phases   ] GC(3)   Other: 0.1ms
[2022-05-14T15:10:08.704+0100][gc,heap     ] GC(3) Eden regions: 12->0(46)
[2022-05-14T15:10:08.704+0100][gc,heap     ] GC(3) Survivor regions: 3->5(7)
[2022-05-14T15:10:08.704+0100][gc,heap     ] GC(3) Old regions: 7->7
[2022-05-14T15:10:08.704+0100][gc,heap     ] GC(3) Archive regions: 0->0
[2022-05-14T15:10:08.704+0100][gc,heap     ] GC(3) Humongous regions: 129->129
[2022-05-14T15:10:08.704+0100][gc,metaspace] GC(3) Metaspace: 35723K(35968K)->35723K(35968K) NonClass: 31929K(32064K)->31929K(32064K) Class: 3794K(3904K)->3794K(3904K)
[2022-05-14T15:10:08.704+0100][gc          ] GC(3) Pause Young (Concurrent Start) (Metadata GC Threshold) 150M->140M(1024M) 2.788ms
[2022-05-14T15:10:08.704+0100][gc,cpu      ] GC(3) User=0.01s Sys=0.01s Real=0.00s
[2022-05-14T15:10:08.704+0100][gc          ] GC(4) Concurrent Mark Cycle
[2022-05-14T15:10:08.704+0100][gc,marking  ] GC(4) Concurrent Clear Claimed Marks
[2022-05-14T15:10:08.704+0100][gc,marking  ] GC(4) Concurrent Clear Claimed Marks 0.011ms
[2022-05-14T15:10:08.704+0100][gc,marking  ] GC(4) Concurrent Scan Root Regions
[2022-05-14T15:10:08.705+0100][gc,marking  ] GC(4) Concurrent Scan Root Regions 1.253ms
[2022-05-14T15:10:08.705+0100][gc,marking  ] GC(4) Concurrent Mark
[2022-05-14T15:10:08.705+0100][gc,marking  ] GC(4) Concurrent Mark From Roots
[2022-05-14T15:10:08.705+0100][gc,task     ] GC(4) Using 3 workers of 3 for marking
[2022-05-14T15:10:08.708+0100][gc,marking  ] GC(4) Concurrent Mark From Roots 3.265ms
[2022-05-14T15:10:08.708+0100][gc,marking  ] GC(4) Concurrent Preclean
[2022-05-14T15:10:08.708+0100][gc,marking  ] GC(4) Concurrent Preclean 0.053ms
[2022-05-14T15:10:08.708+0100][gc,start    ] GC(4) Pause Remark
[2022-05-14T15:10:08.709+0100][gc          ] GC(4) Pause Remark 140M->140M(1024M) 0.874ms
[2022-05-14T15:10:08.709+0100][gc,cpu      ] GC(4) User=0.01s Sys=0.00s Real=0.00s
[2022-05-14T15:10:08.709+0100][gc,marking  ] GC(4) Concurrent Mark 4.422ms
[2022-05-14T15:10:08.709+0100][gc,marking  ] GC(4) Concurrent Rebuild Remembered Sets
[2022-05-14T15:10:08.709+0100][gc,marking  ] GC(4) Concurrent Rebuild Remembered Sets 0.008ms
[2022-05-14T15:10:08.709+0100][gc,start    ] GC(4) Pause Cleanup
[2022-05-14T15:10:08.710+0100][gc          ] GC(4) Pause Cleanup 140M->140M(1024M) 0.022ms
[2022-05-14T15:10:08.710+0100][gc,cpu      ] GC(4) User=0.00s Sys=0.00s Real=0.00s
[2022-05-14T15:10:08.710+0100][gc,marking  ] GC(4) Concurrent Cleanup for Next Mark
[2022-05-14T15:10:08.713+0100][gc,marking  ] GC(4) Concurrent Cleanup for Next Mark 3.677ms
[2022-05-14T15:10:08.713+0100][gc          ] GC(4) Concurrent Mark Cycle 9.598ms
[2022-05-14T15:10:08.759+0100][gc,heap,exit] Heap
[2022-05-14T15:10:08.759+0100][gc,heap,exit]  garbage-first heap   total 1048576K, used 151934K [0x00000000c0000000, 0x0000000100000000)
[2022-05-14T15:10:08.759+0100][gc,heap,exit]   region size 1024K, 14 young (14336K), 5 survivors (5120K)
[2022-05-14T15:10:08.759+0100][gc,heap,exit]  Metaspace       used 37054K, committed 37376K, reserved 1114112K
[2022-05-14T15:10:08.759+0100][gc,heap,exit]   class space    used 3931K, committed 4096K, reserved 1048576K
