[2022-05-14T16:01:01.659+0100][gc,init] CardTable entry size: 512
[2022-05-14T16:01:01.659+0100][gc     ] Using G1
[2022-05-14T16:01:01.661+0100][gc,init] Version: 18.0.1+10 (release)
[2022-05-14T16:01:01.661+0100][gc,init] CPUs: 12 total, 12 available
[2022-05-14T16:01:01.661+0100][gc,init] Memory: 7864M
[2022-05-14T16:01:01.661+0100][gc,init] Large Page Support: Disabled
[2022-05-14T16:01:01.661+0100][gc,init] NUMA Support: Disabled
[2022-05-14T16:01:01.661+0100][gc,init] Compressed Oops: Enabled (32-bit)
[2022-05-14T16:01:01.661+0100][gc,init] Heap Region Size: 1M
[2022-05-14T16:01:01.661+0100][gc,init] Heap Min Capacity: 512M
[2022-05-14T16:01:01.661+0100][gc,init] Heap Initial Capacity: 512M
[2022-05-14T16:01:01.661+0100][gc,init] Heap Max Capacity: 512M
[2022-05-14T16:01:01.661+0100][gc,init] Pre-touch: Disabled
[2022-05-14T16:01:01.661+0100][gc,init] Parallel Workers: 10
[2022-05-14T16:01:01.661+0100][gc,init] Concurrent Workers: 3
[2022-05-14T16:01:01.661+0100][gc,init] Concurrent Refinement Workers: 10
[2022-05-14T16:01:01.661+0100][gc,init] Periodic GC: Disabled
[2022-05-14T16:01:01.661+0100][gc,metaspace] CDS archive(s) not mapped
[2022-05-14T16:01:01.661+0100][gc,metaspace] Compressed class space mapped at: 0x0000000100000000-0x0000000140000000, reserved size: 1073741824
[2022-05-14T16:01:01.661+0100][gc,metaspace] Narrow klass base: 0x0000000000000000, Narrow klass shift: 3, Narrow klass range: 0x140000000
[2022-05-14T16:01:01.972+0100][gc,heap,exit] Heap
[2022-05-14T16:01:01.972+0100][gc,heap,exit]  garbage-first heap   total 524288K, used 14338K [0x00000000e0000000, 0x0000000100000000)
[2022-05-14T16:01:01.972+0100][gc,heap,exit]   region size 1024K, 15 young (15360K), 0 survivors (0K)
[2022-05-14T16:01:01.972+0100][gc,heap,exit]  Metaspace       used 14405K, committed 14592K, reserved 1114112K
[2022-05-14T16:01:01.972+0100][gc,heap,exit]   class space    used 1367K, committed 1472K, reserved 1048576K
