[2022-05-14T16:01:45.352+0100][gc,init] CardTable entry size: 512
[2022-05-14T16:01:45.352+0100][gc     ] Using G1
[2022-05-14T16:01:45.354+0100][gc,init] Version: 18.0.1+10 (release)
[2022-05-14T16:01:45.354+0100][gc,init] CPUs: 12 total, 12 available
[2022-05-14T16:01:45.354+0100][gc,init] Memory: 7864M
[2022-05-14T16:01:45.354+0100][gc,init] Large Page Support: Disabled
[2022-05-14T16:01:45.354+0100][gc,init] NUMA Support: Disabled
[2022-05-14T16:01:45.354+0100][gc,init] Compressed Oops: Enabled (32-bit)
[2022-05-14T16:01:45.354+0100][gc,init] Heap Region Size: 1M
[2022-05-14T16:01:45.354+0100][gc,init] Heap Min Capacity: 512M
[2022-05-14T16:01:45.354+0100][gc,init] Heap Initial Capacity: 512M
[2022-05-14T16:01:45.354+0100][gc,init] Heap Max Capacity: 512M
[2022-05-14T16:01:45.354+0100][gc,init] Pre-touch: Disabled
[2022-05-14T16:01:45.354+0100][gc,init] Parallel Workers: 10
[2022-05-14T16:01:45.354+0100][gc,init] Concurrent Workers: 3
[2022-05-14T16:01:45.354+0100][gc,init] Concurrent Refinement Workers: 10
[2022-05-14T16:01:45.354+0100][gc,init] Periodic GC: Disabled
[2022-05-14T16:01:45.354+0100][gc,metaspace] CDS archive(s) not mapped
[2022-05-14T16:01:45.354+0100][gc,metaspace] Compressed class space mapped at: 0x0000000100000000-0x0000000140000000, reserved size: 1073741824
[2022-05-14T16:01:45.354+0100][gc,metaspace] Narrow klass base: 0x0000000000000000, Narrow klass shift: 3, Narrow klass range: 0x140000000
[2022-05-14T16:02:01.576+0100][gc,start    ] GC(0) Pause Young (Normal) (G1 Evacuation Pause)
[2022-05-14T16:02:01.576+0100][gc,task     ] GC(0) Using 10 workers of 10 for evacuation
[2022-05-14T16:02:01.579+0100][gc,phases   ] GC(0)   Pre Evacuate Collection Set: 0.1ms
[2022-05-14T16:02:01.580+0100][gc,phases   ] GC(0)   Merge Heap Roots: 0.1ms
[2022-05-14T16:02:01.580+0100][gc,phases   ] GC(0)   Evacuate Collection Set: 2.6ms
[2022-05-14T16:02:01.580+0100][gc,phases   ] GC(0)   Post Evacuate Collection Set: 0.5ms
[2022-05-14T16:02:01.580+0100][gc,phases   ] GC(0)   Other: 0.6ms
[2022-05-14T16:02:01.580+0100][gc,heap     ] GC(0) Eden regions: 25->0(21)
[2022-05-14T16:02:01.580+0100][gc,heap     ] GC(0) Survivor regions: 0->4(4)
[2022-05-14T16:02:01.580+0100][gc,heap     ] GC(0) Old regions: 0->4
[2022-05-14T16:02:01.580+0100][gc,heap     ] GC(0) Archive regions: 0->0
[2022-05-14T16:02:01.580+0100][gc,heap     ] GC(0) Humongous regions: 0->0
[2022-05-14T16:02:01.580+0100][gc,metaspace] GC(0) Metaspace: 16532K(16704K)->16532K(16704K) NonClass: 14939K(15040K)->14939K(15040K) Class: 1592K(1664K)->1592K(1664K)
[2022-05-14T16:02:01.580+0100][gc          ] GC(0) Pause Young (Normal) (G1 Evacuation Pause) 25M->7M(512M) 4.000ms
[2022-05-14T16:02:01.580+0100][gc,cpu      ] GC(0) User=0.03s Sys=0.00s Real=0.00s
[2022-05-14T16:03:31.811+0100][gc,heap,exit] Heap
[2022-05-14T16:03:31.811+0100][gc,heap,exit]  garbage-first heap   total 524288K, used 12693K [0x00000000e0000000, 0x0000000100000000)
[2022-05-14T16:03:31.811+0100][gc,heap,exit]   region size 1024K, 9 young (9216K), 4 survivors (4096K)
[2022-05-14T16:03:31.811+0100][gc,heap,exit]  Metaspace       used 16777K, committed 16960K, reserved 1114112K
[2022-05-14T16:03:31.811+0100][gc,heap,exit]   class space    used 1622K, committed 1728K, reserved 1048576K
